Reusing configuration cache.
> Task :createMinecraftArtifacts UP-TO-DATE

> Task :compileJava FAILED
2 actionable tasks: 1 executed, 1 up-to-date
Configuration cache entry reused.
