To honour the JVM settings for this build a single-use Daemon process will be forked. For more on this, please refer to https://docs.gradle.org/8.8/userguide/gradle_daemon.html#sec:disabling_the_daemon in the Gradle documentation.
Daemon will be stopped at the end of the build 
Reusing configuration cache.
> Task :createMinecraftArtifacts UP-TO-DATE

> Task :compileJava
.\gradlew : P:\Github 
Repos\Observant-Villagers-1.21.1NF\src\main\java\com\stereowalker\obville\world\entity\VillageLeader.java:24: error: 
cannot find symbol
At line:1 char:1
+ .\gradlew compileJava --no-daemon > compile_errors.txt 2>&1; Get-Cont ...
+ ~~~~~~~~~~~~~~~~~~~~~~~~~~~~~~~~~~~~~~~~~~~~~~~~~~~~~~~~~~~
    + CategoryInfo          : NotSpecified: (P:\Github Repos...not find symbol:String) [], RemoteException
    + FullyQualifiedErrorId : NativeCommandError
 
import net.minecraft.network.chat.TextComponent;
                                 ^
  symbol:   class TextComponent
  location: package net.minecraft.network.chat
P:\Github 
Repos\Observant-Villagers-1.21.1NF\src\main\java\com\stereowalker\obville\world\entity\VillageLeader.java:25: error: 
cannot find symbol
import net.minecraft.network.chat.TranslatableComponent;
                                 ^
  symbol:   class TranslatableComponent
  location: package net.minecraft.network.chat
P:\Github 
Repos\Observant-Villagers-1.21.1NF\src\main\java\com\stereowalker\obville\world\entity\VillageLeader.java:45: error: 
package net.minecraftforge.network does not exist
import net.minecraftforge.network.NetworkDirection;
                                 ^
P:\Github Repos\Observant-Villagers-1.21.1NF\src\main\java\com\stereowalker\obville\interfaces\IInvestigator.java:17: 
error: cannot find symbol
import net.minecraft.world.item.alchemy.PotionUtils;
                                       ^
  symbol:   class PotionUtils
  location: package net.minecraft.world.item.alchemy
P:\Github Repos\Observant-Villagers-1.21.1NF\src\main\java\com\stereowalker\obville\Crime.java:6: error: cannot find 
symbol
import net.minecraft.network.chat.TranslatableComponent;
                                 ^
  symbol:   class TranslatableComponent
  location: package net.minecraft.network.chat
P:\Github Repos\Observant-Villagers-1.21.1NF\src\main\java\com\stereowalker\obville\dat\BaseData.java:8: error: 
package net.minecraftforge.api.distmarker does not exist
import net.minecraftforge.api.distmarker.Dist;
                                        ^
P:\Github Repos\Observant-Villagers-1.21.1NF\src\main\java\com\stereowalker\obville\dat\BaseData.java:9: error: 
package net.minecraftforge.api.distmarker does not exist
import net.minecraftforge.api.distmarker.OnlyIn;
                                        ^
P:\Github Repos\Observant-Villagers-1.21.1NF\src\main\java\com\stereowalker\obville\client\renderer\entity\VillagerChie
fRenderer.java:11: error: package net.minecraftforge.api.distmarker does not exist
import net.minecraftforge.api.distmarker.Dist;
                                        ^
P:\Github Repos\Observant-Villagers-1.21.1NF\src\main\java\com\stereowalker\obville\client\renderer\entity\VillagerChie
fRenderer.java:12: error: package net.minecraftforge.api.distmarker does not exist
import net.minecraftforge.api.distmarker.OnlyIn;
                                        ^
P:\Github Repos\Observant-Villagers-1.21.1NF\src\main\java\com\stereowalker\obville\client\renderer\entity\VillagerChie
fRenderer.java:14: error: cannot find symbol
@OnlyIn(Dist.CLIENT)
 ^
  symbol: class OnlyIn
P:\Github Repos\Observant-Villagers-1.21.1NF\src\main\java\com\stereowalker\obville\compat\VillagerNamesCompat.java:7: 
error: cannot find symbol
import net.minecraft.network.chat.TextComponent;
                                 ^
  symbol:   class TextComponent
  location: package net.minecraft.network.chat
P:\Github Repos\Observant-Villagers-1.21.1NF\src\main\java\com\stereowalker\obville\config\ClientConfig.java:7: error: 
package net.minecraftforge.fml.config.ModConfig does not exist
import net.minecraftforge.fml.config.ModConfig.Type;
                                              ^
P:\Github Repos\Observant-Villagers-1.21.1NF\src\main\java\com\stereowalker\obville\config\ExtraLinesConfig.java:9: 
error: package net.minecraftforge.fml.config.ModConfig does not exist
import net.minecraftforge.fml.config.ModConfig.Type;
                                              ^
P:\Github Repos\Observant-Villagers-1.21.1NF\src\main\java\com\stereowalker\obville\config\ModConfig.java:10: error: 
package net.minecraftforge.fml.config.ModConfig does not exist
import net.minecraftforge.fml.config.ModConfig.Type;
                                              ^
P:\Github 
Repos\Observant-Villagers-1.21.1NF\src\main\java\com\stereowalker\obville\config\ReputationAmountConfig.java:6: error: 
package net.minecraftforge.fml.config.ModConfig does not exist
import net.minecraftforge.fml.config.ModConfig.Type;
                                              ^
P:\Github 
Repos\Observant-Villagers-1.21.1NF\src\main\java\com\stereowalker\obville\core\registries\RegistryEvents.java:11: 
error: package net.minecraftforge.event does not exist
import net.minecraftforge.event.RegistryEvent;
                               ^
P:\Github 
Repos\Observant-Villagers-1.21.1NF\src\main\java\com\stereowalker\obville\core\registries\RegistryEvents.java:12: 
error: package net.minecraftforge.event.entity does not exist
import net.minecraftforge.event.entity.EntityAttributeCreationEvent;
                                      ^
P:\Github 
Repos\Observant-Villagers-1.21.1NF\src\main\java\com\stereowalker\obville\core\registries\RegistryEvents.java:13: 
error: package net.minecraftforge.eventbus.api does not exist
import net.minecraftforge.eventbus.api.SubscribeEvent;
                                      ^
P:\Github 
Repos\Observant-Villagers-1.21.1NF\src\main\java\com\stereowalker\obville\core\registries\RegistryEvents.java:14: 
error: package net.minecraftforge.fml.common does not exist
import net.minecraftforge.fml.common.Mod;
                                    ^
P:\Github 
Repos\Observant-Villagers-1.21.1NF\src\main\java\com\stereowalker\obville\core\registries\RegistryEvents.java:16: 
error: package Mod does not exist
@Mod.EventBusSubscriber(bus=Mod.EventBusSubscriber.Bus.MOD)
    ^
P:\Github 
Repos\Observant-Villagers-1.21.1NF\src\main\java\com\stereowalker\obville\core\registries\RegistryEvents.java:20: 
error: cannot find symbol
	public static void registerAttributes(EntityAttributeCreationEvent event) {
	                                      ^
  symbol:   class EntityAttributeCreationEvent
  location: class RegistryEvents
P:\Github 
Repos\Observant-Villagers-1.21.1NF\src\main\java\com\stereowalker\obville\core\registries\RegistryEvents.java:25: 
error: package RegistryEvent does not exist
	public static void registerSounds(final RegistryEvent.Register<SoundEvent> event) {
	                                                     ^
P:\Github 
Repos\Observant-Villagers-1.21.1NF\src\main\java\com\stereowalker\obville\core\registries\RegistryEvents.java:30: 
error: package RegistryEvent does not exist
	public static void registerEntity(final RegistryEvent.Register<EntityType<?>> event) {
	                                                     ^
P:\Github 
Repos\Observant-Villagers-1.21.1NF\src\main\java\com\stereowalker\obville\core\registries\RegistryEvents.java:35: 
error: package RegistryEvent does not exist
	public static void registerMomories(final RegistryEvent.Register<MemoryModuleType<?>> event) {
	                                                       ^
P:\Github Repos\Observant-Villagers-1.21.1NF\src\main\java\com\stereowalker\obville\dat\VillageData.java:16: error: 
cannot find symbol
import net.minecraft.network.chat.TextComponent;
                                 ^
  symbol:   class TextComponent
  location: package net.minecraft.network.chat
P:\Github Repos\Observant-Villagers-1.21.1NF\src\main\java\com\stereowalker\obville\dat\VillageData.java:20: error: 
package net.minecraftforge.network does not exist
import net.minecraftforge.network.NetworkDirection;
                                 ^
P:\Github Repos\Observant-Villagers-1.21.1NF\src\main\java\com\stereowalker\obville\events\ModEvents.java:47: error: 
cannot find symbol
import net.minecraft.world.level.block.MelonBlock;
                                      ^
  symbol:   class MelonBlock
  location: package net.minecraft.world.level.block
P:\Github Repos\Observant-Villagers-1.21.1NF\src\main\java\com\stereowalker\obville\events\ModEvents.java:51: error: 
cannot find symbol
import net.minecraft.world.level.levelgen.feature.ConfiguredStructureFeature;
                                                 ^
  symbol:   class ConfiguredStructureFeature
  location: package net.minecraft.world.level.levelgen.feature
P:\Github Repos\Observant-Villagers-1.21.1NF\src\main\java\com\stereowalker\obville\events\ModEvents.java:52: error: 
package net.minecraftforge.event.entity.living does not exist
import net.minecraftforge.event.entity.living.LivingDeathEvent;
                                             ^
P:\Github Repos\Observant-Villagers-1.21.1NF\src\main\java\com\stereowalker\obville\events\ModEvents.java:53: error: 
package net.minecraftforge.event.entity.living.LivingEvent does not exist
import net.minecraftforge.event.entity.living.LivingEvent.LivingUpdateEvent;
                                                         ^
P:\Github Repos\Observant-Villagers-1.21.1NF\src\main\java\com\stereowalker\obville\events\ModEvents.java:54: error: 
package net.minecraftforge.event.entity.player does not exist
import net.minecraftforge.event.entity.player.PlayerEvent;
                                             ^
P:\Github Repos\Observant-Villagers-1.21.1NF\src\main\java\com\stereowalker\obville\events\ModEvents.java:55: error: 
package net.minecraftforge.event.entity.player does not exist
import net.minecraftforge.event.entity.player.PlayerSleepInBedEvent;
                                             ^
P:\Github Repos\Observant-Villagers-1.21.1NF\src\main\java\com\stereowalker\obville\events\ModEvents.java:56: error: 
package net.minecraftforge.event.world does not exist
import net.minecraftforge.event.world.BlockEvent;
                                     ^
P:\Github Repos\Observant-Villagers-1.21.1NF\src\main\java\com\stereowalker\obville\events\ModEvents.java:57: error: 
package net.minecraftforge.event.world.BlockEvent does not exist
import net.minecraftforge.event.world.BlockEvent.FarmlandTrampleEvent;
                                                ^
P:\Github Repos\Observant-Villagers-1.21.1NF\src\main\java\com\stereowalker\obville\events\ModEvents.java:58: error: 
package net.minecraftforge.eventbus.api does not exist
import net.minecraftforge.eventbus.api.SubscribeEvent;
                                      ^
P:\Github Repos\Observant-Villagers-1.21.1NF\src\main\java\com\stereowalker\obville\events\ModEvents.java:59: error: 
package net.minecraftforge.fml.common.Mod does not exist
import net.minecraftforge.fml.common.Mod.EventBusSubscriber;
                                        ^
P:\Github Repos\Observant-Villagers-1.21.1NF\src\main\java\com\stereowalker\obville\events\ModEvents.java:60: error: 
package net.minecraftforge.network does not exist
import net.minecraftforge.network.NetworkDirection;
                                 ^
P:\Github Repos\Observant-Villagers-1.21.1NF\src\main\java\com\stereowalker\obville\events\ModEvents.java:62: error: 
cannot find symbol
@EventBusSubscriber
 ^
  symbol: class EventBusSubscriber
P:\Github Repos\Observant-Villagers-1.21.1NF\src\main\java\com\stereowalker\obville\events\ModEvents.java:66: error: 
cannot find symbol
	public static void on(PlayerSleepInBedEvent event) {
	                      ^
  symbol:   class PlayerSleepInBedEvent
  location: class ModEvents
P:\Github Repos\Observant-Villagers-1.21.1NF\src\main\java\com\stereowalker\obville\events\ModEvents.java:78: error: 
cannot find symbol
	public static void on(LivingDeathEvent event) {
	                      ^
  symbol:   class LivingDeathEvent
  location: class ModEvents
P:\Github Repos\Observant-Villagers-1.21.1NF\src\main\java\com\stereowalker\obville\events\ModEvents.java:108: error: 
cannot find symbol
	public static void trample(FarmlandTrampleEvent event) {
	                           ^
  symbol:   class FarmlandTrampleEvent
  location: class ModEvents
P:\Github Repos\Observant-Villagers-1.21.1NF\src\main\java\com\stereowalker\obville\events\ModEvents.java:139: error: 
package BlockEvent does not exist
	public static void on(BlockEvent.EntityPlaceEvent event) {
	                                ^
P:\Github Repos\Observant-Villagers-1.21.1NF\src\main\java\com\stereowalker\obville\events\ModEvents.java:209: error: 
package BlockEvent does not exist
	public static void on(BlockEvent.BreakEvent event) {
	                                ^
P:\Github Repos\Observant-Villagers-1.21.1NF\src\main\java\com\stereowalker\obville\events\ModEvents.java:465: error: 
cannot find symbol
	public static Pair<BlockPos, Holder<ConfiguredStructureFeature<?, ?>>> findNearestMapFeature(ServerLevel serverlevel, 
TagKey<ConfiguredStructureFeature<?, ?>> pStructureTag, BlockPos pPos, int pRadius, boolean pSkipExistingChunks) {
	                                                                                                                      
       ^
  symbol:   class ConfiguredStructureFeature
  location: class ModEvents
P:\Github Repos\Observant-Villagers-1.21.1NF\src\main\java\com\stereowalker\obville\events\ModEvents.java:465: error: 
cannot find symbol
	public static Pair<BlockPos, Holder<ConfiguredStructureFeature<?, ?>>> findNearestMapFeature(ServerLevel serverlevel, 
TagKey<ConfiguredStructureFeature<?, ?>> pStructureTag, BlockPos pPos, int pRadius, boolean pSkipExistingChunks) {
	                                    ^
  symbol:   class ConfiguredStructureFeature
  location: class ModEvents
P:\Github Repos\Observant-Villagers-1.21.1NF\src\main\java\com\stereowalker\obville\events\ModEvents.java:480: error: 
cannot find symbol
	public static void sendToClient(LivingUpdateEvent event) {
	                                ^
  symbol:   class LivingUpdateEvent
  location: class ModEvents
P:\Github Repos\Observant-Villagers-1.21.1NF\src\main\java\com\stereowalker\obville\events\ModEvents.java:519: error: 
package PlayerEvent does not exist
	public static void restoreStats(PlayerEvent.Clone event) {
	                                           ^
P:\Github Repos\Observant-Villagers-1.21.1NF\src\main\java\com\stereowalker\obville\GuiHelper.java:13: error: cannot 
find symbol
import net.minecraft.network.chat.TextComponent;
                                 ^
  symbol:   class TextComponent
  location: package net.minecraft.network.chat
P:\Github Repos\Observant-Villagers-1.21.1NF\src\main\java\com\stereowalker\obville\GuiHelper.java:16: error: package 
net.minecraftforge.api.distmarker does not exist
import net.minecraftforge.api.distmarker.Dist;
                                        ^
P:\Github Repos\Observant-Villagers-1.21.1NF\src\main\java\com\stereowalker\obville\GuiHelper.java:17: error: package 
net.minecraftforge.api.distmarker does not exist
import net.minecraftforge.api.distmarker.OnlyIn;
                                        ^
P:\Github Repos\Observant-Villagers-1.21.1NF\src\main\java\com\stereowalker\obville\GuiHelper.java:18: error: package 
net.minecraftforge.client.gui does not exist
import net.minecraftforge.client.gui.OverlayRegistry;
                                    ^
P:\Github Repos\Observant-Villagers-1.21.1NF\src\main\java\com\stereowalker\obville\GuiHelper.java:20: error: cannot 
find symbol
@OnlyIn(Dist.CLIENT)
 ^
  symbol: class OnlyIn
P:\Github Repos\Observant-Villagers-1.21.1NF\src\main\java\com\stereowalker\obville\interfaces\IVillager.java:14: 
error: cannot find symbol
import net.minecraft.network.chat.TextComponent;
                                 ^
  symbol:   class TextComponent
  location: package net.minecraft.network.chat
P:\Github Repos\Observant-Villagers-1.21.1NF\src\main\java\com\stereowalker\obville\mixins\guard\DefendVillageTargetGoa
lGuardMixin.java:21: error: package tallestegg.guardvillagers.entities does not exist
import tallestegg.guardvillagers.entities.Guard;
                                         ^
P:\Github Repos\Observant-Villagers-1.21.1NF\src\main\java\com\stereowalker\obville\mixins\guard\DefendVillageTargetGoa
lGuardMixin.java:27: error: cannot find symbol
	@Shadow @Final private Guard guard;
	                       ^
  symbol:   class Guard
  location: class DefendVillageTargetGoalGuardMixin
P:\Github Repos\Observant-Villagers-1.21.1NF\src\main\java\com\stereowalker\obville\mixins\guard\GuardMixin.java:27: 
error: package tallestegg.guardvillagers.entities does not exist
import tallestegg.guardvillagers.entities.Guard;
                                         ^
P:\Github Repos\Observant-Villagers-1.21.1NF\src\main\java\com\stereowalker\obville\mixins\guard\GuardMixin.java:30: 
error: cannot find symbol
public abstract class GuardMixin extends PathfinderMob implements IVillager<Guard>, IPlayerFollower, IInvestigator {
                                                                            ^
  symbol: class Guard
P:\Github Repos\Observant-Villagers-1.21.1NF\src\main\java\com\stereowalker\obville\mixins\guard\GuardMixin.java:108: 
error: cannot find symbol
	public Guard me() {
	       ^
  symbol:   class Guard
  location: class GuardMixin
P:\Github Repos\Observant-Villagers-1.21.1NF\src\main\java\com\stereowalker\obville\mixins\RaidMixin.java:21: error: 
package net.minecraftforge.network does not exist
import net.minecraftforge.network.NetworkDirection;
                                 ^
P:\Github Repos\Observant-Villagers-1.21.1NF\src\main\java\com\stereowalker\obville\mixins\VillagerMixin.java:31: 
error: cannot find symbol
import net.minecraft.network.chat.TextComponent;
                                 ^
  symbol:   class TextComponent
  location: package net.minecraft.network.chat
P:\Github Repos\Observant-Villagers-1.21.1NF\src\main\java\com\stereowalker\obville\mixins\VillagerMixin.java:44: 
error: package net.minecraftforge.network does not exist
import net.minecraftforge.network.NetworkDirection;
                                 ^
P:\Github Repos\Observant-Villagers-1.21.1NF\src\main\java\com\stereowalker\obville\network\protocol\game\ClientboundNB
TPacket.java:14: error: package net.minecraftforge.api.distmarker does not exist
import net.minecraftforge.api.distmarker.Dist;
                                        ^
P:\Github Repos\Observant-Villagers-1.21.1NF\src\main\java\com\stereowalker\obville\network\protocol\game\ClientboundNB
TPacket.java:15: error: package net.minecraftforge.api.distmarker does not exist
import net.minecraftforge.api.distmarker.OnlyIn;
                                        ^
P:\Github Repos\Observant-Villagers-1.21.1NF\src\main\java\com\stereowalker\obville\network\protocol\game\ClientboundNB
TPacket.java:16: error: package net.minecraftforge.fml does not exist
import net.minecraftforge.fml.DistExecutor;
                             ^
P:\Github Repos\Observant-Villagers-1.21.1NF\src\main\java\com\stereowalker\obville\network\protocol\game\ClientboundNB
TPacket.java:17: error: package net.minecraftforge.network does not exist
import net.minecraftforge.network.NetworkEvent;
                                 ^
P:\Github Repos\Observant-Villagers-1.21.1NF\src\main\java\com\stereowalker\obville\network\protocol\game\ClientboundNB
TPacket.java:44: error: package NetworkEvent does not exist
	public static void handle(final ClientboundNBTPacket msg, final Supplier<NetworkEvent.Context> contextSupplier) {
	                                                                                     ^
P:\Github Repos\Observant-Villagers-1.21.1NF\src\main\java\com\stereowalker\obville\network\protocol\game\ClientboundOv
erlayOverridePacket.java:11: error: cannot find symbol
import net.minecraft.network.chat.TranslatableComponent;
                                 ^
  symbol:   class TranslatableComponent
  location: package net.minecraft.network.chat
P:\Github Repos\Observant-Villagers-1.21.1NF\src\main\java\com\stereowalker\obville\network\protocol\game\ClientboundSo
undPacket.java:12: error: package net.minecraftforge.api.distmarker does not exist
import net.minecraftforge.api.distmarker.Dist;
                                        ^
P:\Github Repos\Observant-Villagers-1.21.1NF\src\main\java\com\stereowalker\obville\network\protocol\game\ClientboundSo
undPacket.java:13: error: package net.minecraftforge.api.distmarker does not exist
import net.minecraftforge.api.distmarker.OnlyIn;
                                        ^
P:\Github Repos\Observant-Villagers-1.21.1NF\src\main\java\com\stereowalker\obville\network\protocol\game\ClientboundSo
undPacket.java:14: error: package net.minecraftforge.fml does not exist
import net.minecraftforge.fml.DistExecutor;
                             ^
P:\Github Repos\Observant-Villagers-1.21.1NF\src\main\java\com\stereowalker\obville\network\protocol\game\ClientboundSo
undPacket.java:15: error: package net.minecraftforge.network does not exist
import net.minecraftforge.network.NetworkEvent;
                                 ^
P:\Github Repos\Observant-Villagers-1.21.1NF\src\main\java\com\stereowalker\obville\network\protocol\game\ClientboundSo
undPacket.java:39: error: package NetworkEvent does not exist
	public static void handle(final ClientboundSoundPacket msg, final Supplier<NetworkEvent.Context> contextSupplier) {
	                                                                                       ^
P:\Github Repos\Observant-Villagers-1.21.1NF\src\main\java\com\stereowalker\obville\ObVille.java:70: error: cannot 
find symbol
public class ObVille extends MinecraftMod implements IPacketHolder {
                             ^
  symbol: class MinecraftMod
P:\Github Repos\Observant-Villagers-1.21.1NF\src\main\java\com\stereowalker\obville\ObVille.java:70: error: cannot 
find symbol
public class ObVille extends MinecraftMod implements IPacketHolder {
                                                     ^
  symbol: class IPacketHolder
P:\Github Repos\Observant-Villagers-1.21.1NF\src\main\java\com\stereowalker\obville\ObVille.java:69: error: cannot 
find symbol
@Mod(value = "obville")
 ^
  symbol: class Mod
P:\Github Repos\Observant-Villagers-1.21.1NF\src\main\java\com\stereowalker\obville\ObVille.java:121: error: cannot 
find symbol
	public void registerServerboundPackets(SimpleChannel channel) {
	                                       ^
  symbol:   class SimpleChannel
  location: class ObVille
P:\Github Repos\Observant-Villagers-1.21.1NF\src\main\java\com\stereowalker\obville\ObVille.java:126: error: cannot 
find symbol
	public void registerClientboundPackets(SimpleChannel channel) {
	                                       ^
  symbol:   class SimpleChannel
  location: class ObVille
P:\Github Repos\Observant-Villagers-1.21.1NF\src\main\java\com\stereowalker\obville\ObVille.java:330: error: cannot 
find symbol
	public void clientRegistries(final FMLClientSetupEvent event)
	                                   ^
  symbol:   class FMLClientSetupEvent
  location: class ObVille
P:\Github Repos\Observant-Villagers-1.21.1NF\src\main\java\com\stereowalker\obville\ObVille.java:338: error: cannot 
find symbol
	public IRegistries getRegistries() {
	       ^
  symbol:   class IRegistries
  location: class ObVille
P:\Github Repos\Observant-Villagers-1.21.1NF\src\main\java\com\stereowalker\obville\ObVille.java:345: error: cannot 
find symbol
	public void registerServerRelaodableResources(ReloadListeners reloadListener) {
	                                              ^
  symbol:   class ReloadListeners
  location: class ObVille
P:\Github Repos\Observant-Villagers-1.21.1NF\src\main\java\com\stereowalker\obville\sounds\ModSounds.java:8: error: 
package net.minecraftforge.registries does not exist
import net.minecraftforge.registries.IForgeRegistry;
                                    ^
P:\Github Repos\Observant-Villagers-1.21.1NF\src\main\java\com\stereowalker\obville\sounds\ModSounds.java:23: error: 
cannot find symbol
	public static void registerAll(IForgeRegistry<SoundEvent> registry) {
	                               ^
  symbol:   class IForgeRegistry
  location: class ModSounds
P:\Github Repos\Observant-Villagers-1.21.1NF\src\main\java\com\stereowalker\obville\dat\BaseData.java:28: error: 
cannot find symbol
	@OnlyIn(Dist.CLIENT)
	 ^
  symbol:   class OnlyIn
  location: class BaseData
P:\Github Repos\Observant-Villagers-1.21.1NF\src\main\java\com\stereowalker\obville\dat\BaseData.java:28: error: 
cannot find symbol
	@OnlyIn(Dist.CLIENT)
	        ^
  symbol:   variable Dist
  location: class BaseData
P:\Github Repos\Observant-Villagers-1.21.1NF\src\main\java\com\stereowalker\obville\dat\BaseData.java:35: error: 
cannot find symbol
	@OnlyIn(Dist.CLIENT)
	 ^
  symbol:   class OnlyIn
  location: class BaseData
P:\Github Repos\Observant-Villagers-1.21.1NF\src\main\java\com\stereowalker\obville\dat\BaseData.java:35: error: 
cannot find symbol
	@OnlyIn(Dist.CLIENT)
	        ^
  symbol:   variable Dist
  location: class BaseData
P:\Github Repos\Observant-Villagers-1.21.1NF\src\main\java\com\stereowalker\obville\client\renderer\entity\VillagerChie
fRenderer.java:14: error: cannot find symbol
@OnlyIn(Dist.CLIENT)
        ^
  symbol: variable Dist
P:\Github Repos\Observant-Villagers-1.21.1NF\src\main\java\com\stereowalker\obville\config\ClientConfig.java:12: 
error: cannot find symbol
	@UnionConfig.Entry(name = "Welcome Color", type = Type.CLIENT)
	                                           ^
  symbol:   method type()
  location: @interface Entry
P:\Github Repos\Observant-Villagers-1.21.1NF\src\main\java\com\stereowalker\obville\config\ClientConfig.java:12: 
error: cannot find symbol
	@UnionConfig.Entry(name = "Welcome Color", type = Type.CLIENT)
	                                                  ^
  symbol:   variable Type
  location: class ClientConfig
P:\Github Repos\Observant-Villagers-1.21.1NF\src\main\java\com\stereowalker\obville\config\ClientConfig.java:15: 
error: cannot find symbol
	@UnionConfig.Entry(name = "Neutral Color", type = Type.CLIENT)
	                                           ^
  symbol:   method type()
  location: @interface Entry
P:\Github Repos\Observant-Villagers-1.21.1NF\src\main\java\com\stereowalker\obville\config\ClientConfig.java:15: 
error: cannot find symbol
	@UnionConfig.Entry(name = "Neutral Color", type = Type.CLIENT)
	                                                  ^
  symbol:   variable Type
  location: class ClientConfig
P:\Github Repos\Observant-Villagers-1.21.1NF\src\main\java\com\stereowalker\obville\config\ClientConfig.java:18: 
error: cannot find symbol
	@UnionConfig.Entry(name = "Weary Color", type = Type.CLIENT)
	                                         ^
  symbol:   method type()
  location: @interface Entry
P:\Github Repos\Observant-Villagers-1.21.1NF\src\main\java\com\stereowalker\obville\config\ClientConfig.java:18: 
error: cannot find symbol
	@UnionConfig.Entry(name = "Weary Color", type = Type.CLIENT)
	                                                ^
  symbol:   variable Type
  location: class ClientConfig
P:\Github Repos\Observant-Villagers-1.21.1NF\src\main\java\com\stereowalker\obville\config\ClientConfig.java:21: 
error: cannot find symbol
	@UnionConfig.Entry(name = "Distrusted Color", type = Type.CLIENT)
	                                              ^
  symbol:   method type()
  location: @interface Entry
P:\Github Repos\Observant-Villagers-1.21.1NF\src\main\java\com\stereowalker\obville\config\ClientConfig.java:21: 
error: cannot find symbol
	@UnionConfig.Entry(name = "Distrusted Color", type = Type.CLIENT)
	                                                     ^
  symbol:   variable Type
  location: class ClientConfig
P:\Github Repos\Observant-Villagers-1.21.1NF\src\main\java\com\stereowalker\obville\config\ClientConfig.java:24: 
error: cannot find symbol
	@UnionConfig.Entry(name = "Exiled Color", type = Type.CLIENT)
	                                          ^
  symbol:   method type()
  location: @interface Entry
P:\Github Repos\Observant-Villagers-1.21.1NF\src\main\java\com\stereowalker\obville\config\ClientConfig.java:24: 
error: cannot find symbol
	@UnionConfig.Entry(name = "Exiled Color", type = Type.CLIENT)
	                                                 ^
  symbol:   variable Type
  location: class ClientConfig
P:\Github Repos\Observant-Villagers-1.21.1NF\src\main\java\com\stereowalker\obville\config\ClientConfig.java:27: 
error: cannot find symbol
	@UnionConfig.Entry(name = "Reputation Text Position", type = Type.CLIENT)
	                                                      ^
  symbol:   method type()
  location: @interface Entry
P:\Github Repos\Observant-Villagers-1.21.1NF\src\main\java\com\stereowalker\obville\config\ClientConfig.java:27: 
error: cannot find symbol
	@UnionConfig.Entry(name = "Reputation Text Position", type = Type.CLIENT)
	                                                             ^
  symbol:   variable Type
  location: class ClientConfig
P:\Github Repos\Observant-Villagers-1.21.1NF\src\main\java\com\stereowalker\obville\config\ExtraLinesConfig.java:14: 
error: cannot find symbol
	@UnionConfig.Entry(name = "Village Leader Redemption Lines", type = Type.COMMON)
	                                                             ^
  symbol:   method type()
  location: @interface Entry
Note: Some input files use or override a deprecated API.
Note: Recompile with -Xlint:deprecation for details.
Note: Some messages have been simplified; recompile with -Xdiags:verbose to get full output
100 errors
only showing the first 100 errors, of 537 total; use -Xmaxerrs if you would like to see more

> Task :compileJava FAILED

FAILURE: Build failed with an exception.

* What went wrong:
Execution failed for task ':compileJava'.
> Compilation failed; see the compiler error output for details.

* Try:
> Run with --info option to get more log output.
> Run with --scan to get full insights.

BUILD FAILED in 8s
2 actionable tasks: 1 executed, 1 up-to-date
Configuration cache entry reused.
